R7 crash matrix before-replay: at-crash=[] early=[] final=['[Subfleet]\nScheduled check-back is due.\nNewest final'] rows=[{'request_id': '4dfb0461-fc32-4c8f-ad44-a95a535da8a2', 'kind': 'time', 'state': 'superseded'}, {'request_id': 'final:a852c0c7-2aae-41e7-840f-1c7810e9a51f:0', 'kind': 'time', 'state': 'superseded'}, {'request_id': 'final:8b070a3b-a7ab-4f6b-aeb2-2cd182b4a79d:0', 'kind': 'time', 'state': 'superseded'}, {'request_id': 'final:8b070a3b-a7ab-4f6b-aeb2-2cd182b4a79d:1', 'kind': 'time', 'state': 'fired'}]
.R7 crash matrix after-older-register: at-crash=[] early=[] final=['[Subfleet]\nScheduled check-back is due.\nNewest final'] rows=[{'request_id': 'b8574674-b89a-4e73-8389-b4e3da27c25a', 'kind': 'time', 'state': 'superseded'}, {'request_id': 'final:80c0fe29-7e96-4e1c-bf90-0871e9f61b95:0', 'kind': 'time', 'state': 'superseded'}, {'request_id': 'final:155a5a2a-4057-4f4c-9e1d-d032fb0a6ef3:0', 'kind': 'time', 'state': 'superseded'}, {'request_id': 'final:155a5a2a-4057-4f4c-9e1d-d032fb0a6ef3:1', 'kind': 'time', 'state': 'fired'}]
.R7 crash matrix before-older-ack-commit: at-crash=[] early=[] final=['[Subfleet]\nScheduled check-back is due.\nNewest final'] rows=[{'request_id': '143de3b2-e766-47ed-96db-cd04ca2d0015', 'kind': 'time', 'state': 'superseded'}, {'request_id': 'final:eaa52242-da6c-4d2f-bb60-481a09e07a76:0', 'kind': 'time', 'state': 'superseded'}, {'request_id': 'final:7036cf5d-01de-4d8f-9ce4-1df80632e6df:0', 'kind': 'time', 'state': 'superseded'}, {'request_id': 'final:7036cf5d-01de-4d8f-9ce4-1df80632e6df:1', 'kind': 'time', 'state': 'fired'}]
.R7 crash matrix after-older-ack-commit: at-crash=[] early=[] final=['[Subfleet]\nScheduled check-back is due.\nNewest final'] rows=[{'request_id': '319723f2-0440-48c8-aa56-082db74d3611', 'kind': 'time', 'state': 'superseded'}, {'request_id': 'final:7675c660-acbc-4793-8eff-43873d8b9d6b:0', 'kind': 'time', 'state': 'superseded'}, {'request_id': 'final:011582f4-0268-4471-99f5-d771d214fac7:0', 'kind': 'time', 'state': 'superseded'}, {'request_id': 'final:011582f4-0268-4471-99f5-d771d214fac7:1', 'kind': 'time', 'state': 'fired'}]
.R7 crash matrix after-newer-first-register: at-crash=[] early=[] final=['[Subfleet]\nScheduled check-back is due.\nNewest final'] rows=[{'request_id': 'a3abbffb-f5b3-4793-af3d-8a5719e8df0d', 'kind': 'time', 'state': 'superseded'}, {'request_id': 'final:7e9df11c-38d3-4d71-b4ba-f0039366d110:0', 'kind': 'time', 'state': 'superseded'}, {'request_id': 'final:70727bc9-5580-400b-aa75-402ed7fffe6b:0', 'kind': 'time', 'state': 'superseded'}, {'request_id': 'final:70727bc9-5580-400b-aa75-402ed7fffe6b:1', 'kind': 'time', 'state': 'fired'}]
.R7 crash matrix after-newer-second-register: at-crash=[] early=[] final=['[Subfleet]\nScheduled check-back is due.\nNewest final'] rows=[{'request_id': '287d27f9-6fc9-42b3-abdf-a049fae48601', 'kind': 'time', 'state': 'superseded'}, {'request_id': 'final:c4c9b4bf-fda1-4df2-86f7-95f594139527:0', 'kind': 'time', 'state': 'superseded'}, {'request_id': 'final:cf8aa2ae-db77-4ffc-8817-ed7b75df342c:0', 'kind': 'time', 'state': 'superseded'}, {'request_id': 'final:cf8aa2ae-db77-4ffc-8817-ed7b75df342c:1', 'kind': 'time', 'state': 'fired'}]
.R7 crash matrix before-newer-ack-commit: at-crash=[] early=[] final=['[Subfleet]\nScheduled check-back is due.\nNewest final'] rows=[{'request_id': '86755200-58be-4963-a373-6598400317b8', 'kind': 'time', 'state': 'superseded'}, {'request_id': 'final:a368dc4c-a691-46bb-af81-6b7e234c8243:0', 'kind': 'time', 'state': 'superseded'}, {'request_id': 'final:9e78567b-e28b-43a8-9520-b5fc38dac953:0', 'kind': 'time', 'state': 'superseded'}, {'request_id': 'final:9e78567b-e28b-43a8-9520-b5fc38dac953:1', 'kind': 'time', 'state': 'fired'}]
.R7 crash matrix after-newer-ack-commit: at-crash=[] early=[] final=['[Subfleet]\nScheduled check-back is due.\nNewest final'] rows=[{'request_id': '3b294ad3-020e-4ed2-bac7-32c50c2afa6e', 'kind': 'time', 'state': 'superseded'}, {'request_id': 'final:97b36473-f2bf-4647-b29d-2b308d58fdd3:0', 'kind': 'time', 'state': 'superseded'}, {'request_id': 'final:93307e96-b4cf-4dc1-8573-e2f79daa8c09:0', 'kind': 'time', 'state': 'superseded'}, {'request_id': 'final:93307e96-b4cf-4dc1-8573-e2f79daa8c09:1', 'kind': 'time', 'state': 'fired'}]
.R7 crash matrix no-crash: at-crash=[] early=[] final=['[Subfleet]\nScheduled check-back is due.\nNewest final'] rows=[{'request_id': 'f6414091-2965-49e1-9ff9-2c6e2904836e', 'kind': 'time', 'state': 'superseded'}, {'request_id': 'final:901bdf98-4548-486f-9e5a-204967fe9fb2:0', 'kind': 'time', 'state': 'superseded'}, {'request_id': 'final:f07e7dc5-0e7b-439f-ba1b-73c442c38b51:0', 'kind': 'time', 'state': 'superseded'}, {'request_id': 'final:f07e7dc5-0e7b-439f-ba1b-73c442c38b51:1', 'kind': 'time', 'state': 'fired'}]
.R7 hard exit before-replay: early=[] final=['[Subfleet]\nScheduled check-back is due.\nNewest final'] rows=[{'request_id': '76081b8d-c1b5-4331-8407-7036d07dd193', 'kind': 'time', 'state': 'superseded'}, {'request_id': 'final:6eb4599e-720c-40fd-a73c-2d3633fa8ece:0', 'kind': 'time', 'state': 'superseded'}, {'request_id': 'final:e5a4caea-b84c-499b-bbca-b968f9d4ff9f:0', 'kind': 'time', 'state': 'superseded'}, {'request_id': 'final:e5a4caea-b84c-499b-bbca-b968f9d4ff9f:1', 'kind': 'time', 'state': 'fired'}]
.R7 hard exit after-older-register: early=[] final=['[Subfleet]\nScheduled check-back is due.\nNewest final'] rows=[{'request_id': 'a9d26e7c-d715-437c-8fe8-973802a83b59', 'kind': 'time', 'state': 'superseded'}, {'request_id': 'final:fe2029ba-18f4-4355-a06f-4f2fdd7d4b3f:0', 'kind': 'time', 'state': 'superseded'}, {'request_id': 'final:64a5ad41-4bbe-4832-b6d5-e7af2efd5277:0', 'kind': 'time', 'state': 'superseded'}, {'request_id': 'final:64a5ad41-4bbe-4832-b6d5-e7af2efd5277:1', 'kind': 'time', 'state': 'fired'}]
.R7 hard exit before-older-ack-commit: early=[] final=['[Subfleet]\nScheduled check-back is due.\nNewest final'] rows=[{'request_id': 'd2485f20-cbf8-4781-bc99-1287259d1e12', 'kind': 'time', 'state': 'superseded'}, {'request_id': 'final:e9b802e5-c422-46f6-9bbc-e4f5cbf3801c:0', 'kind': 'time', 'state': 'superseded'}, {'request_id': 'final:61604420-fa44-4d09-a652-1e8b19c34f64:0', 'kind': 'time', 'state': 'superseded'}, {'request_id': 'final:61604420-fa44-4d09-a652-1e8b19c34f64:1', 'kind': 'time', 'state': 'fired'}]
.R7 hard exit after-older-ack-commit: early=[] final=['[Subfleet]\nScheduled check-back is due.\nNewest final'] rows=[{'request_id': '6387585f-1f8f-49f3-9eff-99150a3bdfe2', 'kind': 'time', 'state': 'superseded'}, {'request_id': 'final:8cab7344-7842-4c10-89f6-96c3b2f5be10:0', 'kind': 'time', 'state': 'superseded'}, {'request_id': 'final:a456cdea-f814-4aad-ba43-a1473e48c900:0', 'kind': 'time', 'state': 'superseded'}, {'request_id': 'final:a456cdea-f814-4aad-ba43-a1473e48c900:1', 'kind': 'time', 'state': 'fired'}]
.R7 hard exit after-newer-first-register: early=[] final=['[Subfleet]\nScheduled check-back is due.\nNewest final'] rows=[{'request_id': '5e7c76d0-1e23-45e0-a7da-7f62ba666d2d', 'kind': 'time', 'state': 'superseded'}, {'request_id': 'final:46ad9b15-27c5-43c9-bbb2-e15ed2052bd4:0', 'kind': 'time', 'state': 'superseded'}, {'request_id': 'final:35265b08-1929-4773-abc4-f9d80cf32bb5:0', 'kind': 'time', 'state': 'superseded'}, {'request_id': 'final:35265b08-1929-4773-abc4-f9d80cf32bb5:1', 'kind': 'time', 'state': 'fired'}]
.R7 hard exit after-newer-second-register: early=[] final=['[Subfleet]\nScheduled check-back is due.\nNewest final'] rows=[{'request_id': '99ccfbfd-7dd5-46ae-9f69-065cb4b7c768', 'kind': 'time', 'state': 'superseded'}, {'request_id': 'final:d5afcfcd-960c-431c-a3e4-2b12feb843c9:0', 'kind': 'time', 'state': 'superseded'}, {'request_id': 'final:3bcc011c-c71a-4888-8439-d2b46030d27d:0', 'kind': 'time', 'state': 'superseded'}, {'request_id': 'final:3bcc011c-c71a-4888-8439-d2b46030d27d:1', 'kind': 'time', 'state': 'fired'}]
.R7 hard exit before-newer-ack-commit: early=[] final=['[Subfleet]\nScheduled check-back is due.\nNewest final'] rows=[{'request_id': '8781bb6f-5182-4380-a2f7-b0ca675ca449', 'kind': 'time', 'state': 'superseded'}, {'request_id': 'final:e7b8f113-dda8-423b-ba06-1c0eb0d99a16:0', 'kind': 'time', 'state': 'superseded'}, {'request_id': 'final:bf2d5a95-7980-4cff-bfd3-675d265dcdd6:0', 'kind': 'time', 'state': 'superseded'}, {'request_id': 'final:bf2d5a95-7980-4cff-bfd3-675d265dcdd6:1', 'kind': 'time', 'state': 'fired'}]
.R7 hard exit after-newer-ack-commit: early=[] final=['[Subfleet]\nScheduled check-back is due.\nNewest final'] rows=[{'request_id': '94cb401a-00dd-4e51-86d3-2a6153340e4e', 'kind': 'time', 'state': 'superseded'}, {'request_id': 'final:de90b168-8632-4fc3-906a-f303c8e91022:0', 'kind': 'time', 'state': 'superseded'}, {'request_id': 'final:f1feb6a1-7a56-44eb-9cff-9dabb1965062:0', 'kind': 'time', 'state': 'superseded'}, {'request_id': 'final:f1feb6a1-7a56-44eb-9cff-9dabb1965062:1', 'kind': 'time', 'state': 'fired'}]
.R7 hard exit before-evaluation: early=[] final=['[Subfleet]\nScheduled check-back is due.\nNewest final'] rows=[{'request_id': '2f88cfc1-9bb4-4d33-bdb9-b5f9ffd0eba7', 'kind': 'time', 'state': 'superseded'}, {'request_id': 'final:fc0b28c6-7e12-4fac-a582-847225bae3b3:0', 'kind': 'time', 'state': 'superseded'}, {'request_id': 'final:ea5a1e09-06ed-48bc-b9fe-8de36eb14dae:0', 'kind': 'time', 'state': 'superseded'}, {'request_id': 'final:ea5a1e09-06ed-48bc-b9fe-8de36eb14dae:1', 'kind': 'time', 'state': 'fired'}]
.R7 completion order failing=False: raised=0 requests=[{'payload_json': '{"at": 1791274081.479101, "note": "First check"}', 'state': 'fired'}, {'payload_json': '{"at": 1791274671.479101, "note": "Person turn: older re-arm"}', 'state': 'superseded'}, {'payload_json': '{"at": 1791274971.479101, "note": "Wake turn: newest re-arm"}', 'state': 'pending'}] early=[] final=['[Subfleet]\nScheduled check-back is due.\nWake turn: newest re-arm']
.R7 completion order failing=True: raised=4 requests=[{'payload_json': '{"at": 1791274081.524423, "note": "First check"}', 'state': 'fired'}, {'payload_json': '{"at": 1791274671.524423, "note": "Person turn: older re-arm"}', 'state': 'superseded'}, {'payload_json': '{"at": 1791274971.524423, "note": "Wake turn: newest re-arm"}', 'state': 'pending'}] early=[] final=['[Subfleet]\nScheduled check-back is due.\nWake turn: newest re-arm']
.R7 isolation failing=False: raised=0 second=['[Subfleet]\nScheduled check-back is due.\nReplacement cv-17912'] intents-left=0
.R7 isolation failing=True: raised=7 second=['[Subfleet]\nScheduled check-back is due.\nReplacement cv-17912'] intents-left=1
.R7 blast radius failing=False: raised=0 adopted=[('job-2/a1', True)] stranded-state=running wake-op={'request_id': 'a1d15a8b-0081-4a9c-93c1-2b8dc977a7a5', 'kinds': ['time']}
.R7 blast radius failing=True: raised=4 adopted=[('job-2/a1', True)] stranded-state=running wake-op={'request_id': '19dc35d1-25ec-4a3e-849a-44b5f91040ee', 'kinds': ['time']}
.R7 held blocked: wakes-while-held=[0, 0] intents-while-held=0 final=['[Subfleet]\nScheduled check-back is due.\nReplacement']
.R7 held throttled: wakes-while-held=[0, 0] intents-while-held=0 final=['[Subfleet]\nScheduled check-back is due.\nReplacement']
.R7 held legacy-hold: wakes-while-held=[0, 0] intents-while-held=0 final=['[Subfleet]\nScheduled check-back is due.\nReplacement']
.R6 boundary upgrade=False boundary='before-completion-commit': exactly one wake
.R6 boundary upgrade=True boundary='before-completion-commit': exactly one wake
.R6 boundary upgrade=False boundary='after-completion-commit': exactly one wake
.R6 boundary upgrade=True boundary='after-completion-commit': exactly one wake
.R6 boundary upgrade=False boundary='before-register': exactly one wake
.R6 boundary upgrade=True boundary='before-register': exactly one wake
.R6 boundary upgrade=False boundary='after-register': exactly one wake
.R6 boundary upgrade=True boundary='after-register': exactly one wake
.R6 boundary upgrade=False boundary='before-ack-commit': exactly one wake
.R6 boundary upgrade=True boundary='before-ack-commit': exactly one wake
.R6 boundary upgrade=False boundary='after-ack-commit': exactly one wake
.R6 boundary upgrade=True boundary='after-ack-commit': exactly one wake
.R6 boundary upgrade=False boundary='no-crash': exactly one wake
.R6 boundary upgrade=True boundary='no-crash': exactly one wake
.R6 real tick crash_after_first=False: first=['[Subfleet]\nScheduled check-back is due.\nReplacement timer']; final=['[Subfleet]\nScheduled check-back is due.\nReplacement timer']
.R6 real tick crash_after_first=True: first=['[Subfleet]\nScheduled check-back is due.\nReplacement timer']; final=['[Subfleet]\nScheduled check-back is due.\nReplacement timer']
...R6 newer complete crash_before_rearm=False: early=[]; final=['[Subfleet]\nScheduled check-back is due.\nNew instructions']
.R6 newer complete crash_before_rearm=True: early=[]; final=['[Subfleet]\nScheduled check-back is due.\nNew instructions']
.R6 migration before-table: preserved request fired exactly once
.R6 migration after-table: preserved request fired exactly once
.R6 interleaved completion/registration: wakes=[[]]
.R6 refusal before-refusal-event: events=[{'phase': 'wake-refused', 'detail': 'Wake request refused: invalid WAKE-ME field'}]; wakes=['[Subfleet]\nScheduled check-back is due.\nValid later line']
.R6 refusal after-refusal-event: events=[{'phase': 'wake-refused', 'detail': 'Wake request refused: invalid WAKE-ME field'}]; wakes=['[Subfleet]\nScheduled check-back is due.\nValid later line']
.R6 hard exit before-completion-commit: state=running; wakes=['[Subfleet]\nScheduled check-back is due.\nHard-exit recovery']
.R6 hard exit after-completion-commit: state=complete; wakes=['[Subfleet]\nScheduled check-back is due.\nHard-exit recovery']
.R6 hard exit after-registration: state=complete; wakes=['[Subfleet]\nScheduled check-back is due.\nHard-exit recovery']
.R6 hard exit before-ack-commit: state=complete; wakes=['[Subfleet]\nScheduled check-back is due.\nHard-exit recovery']
.R6 hard exit after-ack-commit: state=complete; wakes=['[Subfleet]\nScheduled check-back is due.\nHard-exit recovery']
.......R5 final restart before-complete: message=running, replayed=['job-1/a1'], requests=[{'kind': 'time', 'state': 'fired'}], wakes=['[Subfleet]\nScheduled check-back is due.\nResume this task']
.R5 final restart after-complete: message=complete, replayed=[], requests=[{'kind': 'time', 'state': 'fired'}], wakes=['[Subfleet]\nScheduled check-back is due.\nResume this task']
.R5 final restart no-crash: message=complete, replayed=[], requests=[{'kind': 'time', 'state': 'fired'}], wakes=['[Subfleet]\nScheduled check-back is due.\nResume this task']
.......R5 blocked restart: wakes=['[Subfleet]\nPR watch refused: o/r#1 (PR is missing or inaccessible). Correct the reference and re-arm.']
.R5 throttle restart: wakes=['[Subfleet]\nPR watch refused: o/r#1 (PR is missing or inaccessible). Correct the reference and re-arm.']
.R5 legacy restart: wakes=['[Subfleet]\nPR watch refused: o/r#1 (PR is missing or inaccessible). Correct the reference and re-arm.']
.R5 archived restart: wakes=['[Subfleet]\nPR watch refused: o/r#1 (PR is missing or inaccessible). Correct the reference and re-arm.']
..R5 acceptance inside-claim: before={'state': 'pending', 'message_id': None}, after={'state': 'fired', 'message_id': 'f80fc07f-66c9-46bb-9fa3-5374e563f284'}, wakes=1
.R5 acceptance after-commit: before={'state': 'fired', 'message_id': '84c849f1-5e22-460e-abb5-12a25443750c'}, after={'state': 'fired', 'message_id': '84c849f1-5e22-460e-abb5-12a25443750c'}, wakes=1
.R4 unobserved in_flight=False: gh=2 wakes=['[Subfleet]\nPR state changed: o/r#1'] rows=[{'state': 'superseded', 'created_at': '2026-10-04T03:00:01+00:00', 'ready_json': None}, {'state': 'fired', 'created_at': '2026-10-04T03:00:31+00:00', 'ready_json': '["o/r#1"]'}]
.R4 unobserved in_flight=True: gh=3 wakes=['[Subfleet]\nPR state changed: o/r#1'] rows=[{'state': 'superseded', 'created_at': '2026-10-04T03:00:01+00:00', 'ready_json': None}, {'state': 'fired', 'created_at': '2026-10-04T03:01:02+00:00', 'ready_json': '["o/r#1"]'}]
.....R4 resolved merged: gh=3 wakes=['[Subfleet]\nPR watch refused: o/r#1 (PR is missing or inaccessible). Correct the reference and re-arm.', '[Subfleet]\nPR state changed: o/r#1'] refusals=[]
.R4 resolved closed: gh=3 wakes=['[Subfleet]\nPR watch refused: o/r#1 (PR is missing or inaccessible). Correct the reference and re-arm.', '[Subfleet]\nPR state changed: o/r#1'] refusals=[]
.R4 resolved checks: gh=3 wakes=['[Subfleet]\nPR watch refused: o/r#1 (PR is missing or inaccessible). Correct the reference and re-arm.', '[Subfleet]\nPR state changed: o/r#1'] refusals=[]
.R4 resolved review: gh=3 wakes=['[Subfleet]\nPR watch refused: o/r#1 (PR is missing or inaccessible). Correct the reference and re-arm.', '[Subfleet]\nPR state changed: o/r#1'] refusals=[]
..R4 undelivered refusal: gh=1 wakes=['[Subfleet]\nPR watch refused: o/r#1 (PR is missing or inaccessible). Correct the reference and re-arm.'] refusals=[{'conversation_id': 'cv-1791273777766-8898f2a339da', 'target': 'o/r#1', 'error': 'PR is missing or inaccessible'}]
...R4 deferral: deferred=['another kind of this request became ready'] wakes=['[Subfleet]\nrun finished: succeeded; deliverable /work/run.md\nPR state changed: o/r#1']
.R4 carried: wakes=['[Subfleet]\nPR state changed: o/r#1']
.R4 old resolution: wakes=['[Subfleet]\nPR watch refused: o/r#1 (PR is missing or inaccessible). Correct the reference and re-arm.']
....R4 resubmit start=+120: requests=[]
.R4 resubmit start=+295: requests=[]
.R4 resubmit start=+360: requests=[]
.R4 mixed: wakes=['[Subfleet]\nPR watch refused: o/r#2 (PR is missing or inaccessible). Correct the reference and re-arm.', '[Subfleet]\nPR state changed: o/r#1']
.R4 minute cap: gh=5 at=[0.0, 60.0, 120.0, 180.0, 240.0], gaps=[60.0, 60.0, 60.0, 60.0]
.R4 mixed timer: wakes=['[Subfleet]\nPR watch refused: o/r#2 (PR is missing or inaccessible). Correct the reference and re-arm.', '[Subfleet]\nScheduled check-back is due.']
.R4 carried claim race: attempts=[[('pr', '8a17734c-aed6-452a-aeea-44dd446722d2')], [('pr', '45278140-8805-4728-b8d4-7e5d0b2fcf80')]] wakes=['[Subfleet]\nPR state changed: o/r#1'] requests=[{'request_id': '45278140-8805-4728-b8d4-7e5d0b2fcf80', 'state': 'fired', 'message_id': 'ce651013-ac15-43b1-b5b8-a7fb337e6cc5'}, {'request_id': '8a17734c-aed6-452a-aeea-44dd446722d2', 'state': 'superseded', 'message_id': None}]
.
106 passed in 14.40s
